../Src/main.c:55:5:main	8	static
../Src/main.c:76:6:enable_processor_faults	16	static
../Src/main.c:84:30:init_scheduler_stack	0	static,ignoring_inline_asm
../Src/main.c:93:6:init_tasks_stack	24	static
../Src/main.c:146:6:init_systick_timer	32	static
../Src/main.c:165:29:switch_sp_to_psp	0	static,ignoring_inline_asm
../Src/main.c:189:10:getPSP_Value_fromTask	4	static
../Src/main.c:194:7:savePSP_Value_toTask	16	static
../Src/main.c:199:6:update_next_task	16	static
../Src/main.c:216:6:SysTick_Handler	4	static,ignoring_inline_asm
../Src/main.c:252:6:HardFault_Handler	8	static
../Src/main.c:258:6:MemManage_Handler	8	static
../Src/main.c:264:6:BusFault_Handler	8	static
../Src/main.c:270:6:idletask_handler	8	static
../Src/main.c:275:6:task1_handler	8	static
../Src/main.c:281:6:task2_handler	8	static
../Src/main.c:286:6:task3_handler	8	static
../Src/main.c:291:6:task4_handler	8	static
