../Src/main.c:58:5:main	8	static
../Src/main.c:78:6:idle	8	static
../Src/main.c:85:6:task1_handler	8	static
../Src/main.c:93:6:task2_handler	8	static
../Src/main.c:101:6:task3_handler	8	static
../Src/main.c:109:6:task4_handler	8	static
../Src/main.c:118:6:enable_processor_faults	16	static
../Src/main.c:126:30:init_scheduler_stack	0	static,ignoring_inline_asm
../Src/main.c:135:6:init_tasks_stack	24	static
../Src/main.c:188:6:init_systick_timer	32	static
../Src/main.c:207:29:switch_sp_to_psp	0	static,ignoring_inline_asm
../Src/main.c:231:10:getPSP_Value_fromTask	4	static
../Src/main.c:235:7:savePSP_Value_toTask	16	static
../Src/main.c:240:6:update_next_task	16	static
../Src/main.c:258:29:SysTick_Handler	0	static,ignoring_inline_asm
../Src/main.c:293:6:HardFault_Handler	8	static
../Src/main.c:302:6:MemManage_Handler	8	static
../Src/main.c:311:6:BusFault_Handler	8	static
