../Src/main.c:55:5:main	1
../Src/main.c:76:6:enable_processor_faults	1
../Src/main.c:84:30:init_scheduler_stack	1
../Src/main.c:93:6:init_tasks_stack	3
../Src/main.c:146:6:init_systick_timer	1
../Src/main.c:165:29:switch_sp_to_psp	1
../Src/main.c:189:10:getPSP_Value_fromTask	1
../Src/main.c:194:7:savePSP_Value_toTask	1
../Src/main.c:199:6:update_next_task	5
../Src/main.c:216:6:SysTick_Handler	1
../Src/main.c:252:6:HardFault_Handler	1
../Src/main.c:258:6:MemManage_Handler	1
../Src/main.c:264:6:BusFault_Handler	1
../Src/main.c:270:6:idletask_handler	1
../Src/main.c:275:6:task1_handler	1
../Src/main.c:281:6:task2_handler	1
../Src/main.c:286:6:task3_handler	1
../Src/main.c:291:6:task4_handler	1
