../Src/main.c:58:5:main	1
../Src/main.c:78:6:idle	1
../Src/main.c:85:6:task1_handler	1
../Src/main.c:93:6:task2_handler	1
../Src/main.c:101:6:task3_handler	1
../Src/main.c:109:6:task4_handler	1
../Src/main.c:118:6:enable_processor_faults	1
../Src/main.c:126:30:init_scheduler_stack	1
../Src/main.c:135:6:init_tasks_stack	3
../Src/main.c:188:6:init_systick_timer	1
../Src/main.c:207:29:switch_sp_to_psp	1
../Src/main.c:231:10:getPSP_Value_fromTask	1
../Src/main.c:235:7:savePSP_Value_toTask	1
../Src/main.c:240:6:update_next_task	2
../Src/main.c:262:6:SysTick_Handler	1
../Src/main.c:297:6:HardFault_Handler	1
../Src/main.c:306:6:MemManage_Handler	1
../Src/main.c:315:6:BusFault_Handler	1
